---
source: src/qir/tket2_ext.rs
expression: mod_str
---
; ModuleID = 'test_context'
source_filename = "test_context"

%QUBIT = type opaque

define %QUBIT* @_hl.main.1(%QUBIT* %0) {
alloca_block:
  %"0" = alloca %QUBIT*, align 8
  %"2_0" = alloca %QUBIT*, align 8
  %"4_0" = alloca %QUBIT*, align 8
  br label %entry_block

entry_block:                                      ; preds = %alloca_block
  store %QUBIT* %0, %QUBIT** %"2_0", align 8
  %"2_01" = load %QUBIT*, %QUBIT** %"2_0", align 8
  call void @__quantum__qis__x__body(%QUBIT* %"2_01")
  store %QUBIT* %"2_01", %QUBIT** %"4_0", align 8
  %"4_02" = load %QUBIT*, %QUBIT** %"4_0", align 8
  store %QUBIT* %"4_02", %QUBIT** %"0", align 8
  %"03" = load %QUBIT*, %QUBIT** %"0", align 8
  ret %QUBIT* %"03"
}

declare void @__quantum__qis__x__body(%QUBIT*)
