---
source: src/qir/qsystem_ext.rs
expression: mod_str
---
; ModuleID = 'test_context'
source_filename = "test_context"

%QUBIT = type opaque

define { i1, %QUBIT* } @_hl.main.1() {
alloca_block:
  %"0" = alloca { i1, %QUBIT* }, align 8
  %"4_0" = alloca { i1, %QUBIT* }, align 8
  br label %entry_block

entry_block:                                      ; preds = %alloca_block
  %0 = call %QUBIT* @__quantum__rt__qubit_allocate()
  %1 = insertvalue { i1, %QUBIT* } { i1 true, %QUBIT* poison }, %QUBIT* %0, 1
  store { i1, %QUBIT* } %1, { i1, %QUBIT* }* %"4_0", align 8
  %"4_01" = load { i1, %QUBIT* }, { i1, %QUBIT* }* %"4_0", align 8
  store { i1, %QUBIT* } %"4_01", { i1, %QUBIT* }* %"0", align 8
  %"02" = load { i1, %QUBIT* }, { i1, %QUBIT* }* %"0", align 8
  ret { i1, %QUBIT* } %"02"
}

declare %QUBIT* @__quantum__rt__qubit_allocate()
