---
source: src/qir/tket2_ext.rs
expression: mod_str
---
; ModuleID = 'test_context'
source_filename = "test_context"

%QUBIT = type opaque
%RESULT = type opaque

define { i32, {}, {} } @_hl.main.1(%QUBIT* %0) {
alloca_block:
  br label %entry_block

entry_block:                                      ; preds = %alloca_block
  %1 = call %RESULT* @__quantum__qis__m__body(%QUBIT* %0)
  call void @__quantum__rt__qubit_release(%QUBIT* %0)
  %2 = call i1 @__quantum__qis__read_result__body(%RESULT* %1)
  %3 = select i1 %2, { i32, {}, {} } { i32 1, {} poison, {} undef }, { i32, {}, {} } { i32 0, {} undef, {} poison }
  ret { i32, {}, {} } %3
}

declare %RESULT* @__quantum__qis__m__body(%QUBIT*)

declare void @__quantum__rt__qubit_release(%QUBIT*)

declare i1 @__quantum__qis__read_result__body(%RESULT*)
