---
source: tests/guppy.rs
expression: compile(&mut hugr)
---
; ModuleID = 'hugr-qir'
source_filename = "hugr-qir"

%QUBIT = type opaque
%RESULT = type opaque

@0 = private unnamed_addr constant [37 x i8] c"Expected variant 1 but got variant 0\00", align 1
@prelude.panic_template = private unnamed_addr constant [34 x i8] c"Program panicked (signal %i): %s\0A\00", align 1
@1 = private unnamed_addr constant [37 x i8] c"Expected variant 1 but got variant 0\00", align 1
@prelude.panic_template.1 = private unnamed_addr constant [34 x i8] c"Program panicked (signal %i): %s\0A\00", align 1
@2 = private unnamed_addr constant [2 x i8] c"0\00", align 1

define void @__hugr__.main.1() {
alloca_block:
  %0 = call %QUBIT* @__quantum__rt__qubit_allocate()
  %1 = insertvalue { i1, %QUBIT* } { i1 true, %QUBIT* poison }, %QUBIT* %0, 1
  %2 = call %QUBIT* @__quantum__rt__qubit_allocate()
  %3 = insertvalue { i1, %QUBIT* } { i1 true, %QUBIT* poison }, %QUBIT* %2, 1
  %4 = extractvalue { i1, %QUBIT* } %1, 0
  %cond = icmp eq i1 %4, true
  br i1 %cond, label %cond_49_case_1, label %cond_49_case_0

cond_49_case_1:                                   ; preds = %alloca_block
  %5 = extractvalue { i1, %QUBIT* } %1, 1
  br label %cond_exit_49

6:                                                ; preds = %cond_exit_38, %23
  %7 = call %RESULT* @__quantum__qis__m__body(%QUBIT* %"0.0")
  %8 = call i1 @__quantum__qis__read_result__body(%RESULT* %7)
  %9 = select i1 %8, i1 true, i1 false
  %10 = select i1 %9, i1 true, i1 false
  call void @__quantum__rt__bool_record_output(i1 %10, i8* getelementptr inbounds ([2 x i8], [2 x i8]* @2, i32 0, i32 0))
  ret void

cond_49_case_0:                                   ; preds = %alloca_block
  %11 = extractvalue { i32, i8* } { i32 1, i8* getelementptr inbounds ([37 x i8], [37 x i8]* @0, i32 0, i32 0) }, 0
  %12 = extractvalue { i32, i8* } { i32 1, i8* getelementptr inbounds ([37 x i8], [37 x i8]* @0, i32 0, i32 0) }, 1
  %13 = call i32 (i8*, ...) @printf(i8* getelementptr inbounds ([34 x i8], [34 x i8]* @prelude.panic_template, i32 0, i32 0), i32 %11, i8* %12)
  call void @abort()
  br label %cond_exit_49

cond_exit_49:                                     ; preds = %cond_49_case_1, %cond_49_case_0
  %"0.0" = phi %QUBIT* [ null, %cond_49_case_0 ], [ %5, %cond_49_case_1 ]
  call void @__quantum__qis__phasedx__body(double 0xBFF921FB54442D18, double 0x3FF921FB54442D18, %QUBIT* %"0.0")
  %14 = extractvalue { i1, %QUBIT* } %3, 0
  %cond58 = icmp eq i1 %14, true
  br i1 %cond58, label %cond_38_case_1, label %cond_38_case_0

cond_38_case_1:                                   ; preds = %cond_exit_49
  %15 = extractvalue { i1, %QUBIT* } %3, 1
  br label %cond_exit_38

cond_38_case_0:                                   ; preds = %cond_exit_49
  %16 = extractvalue { i32, i8* } { i32 1, i8* getelementptr inbounds ([37 x i8], [37 x i8]* @1, i32 0, i32 0) }, 0
  %17 = extractvalue { i32, i8* } { i32 1, i8* getelementptr inbounds ([37 x i8], [37 x i8]* @1, i32 0, i32 0) }, 1
  %18 = call i32 (i8*, ...) @printf(i8* getelementptr inbounds ([34 x i8], [34 x i8]* @prelude.panic_template.1, i32 0, i32 0), i32 %16, i8* %17)
  call void @abort()
  br label %cond_exit_38

cond_exit_38:                                     ; preds = %cond_38_case_1, %cond_38_case_0
  %"012.0" = phi %QUBIT* [ null, %cond_38_case_0 ], [ %15, %cond_38_case_1 ]
  call void @__quantum__qis__phasedx__body(double 0x3FF921FB54442D18, double 0xBFF921FB54442D18, %QUBIT* %"012.0")
  call void @__quantum__qis__rz__body(double 0x400921FB54442D18, %QUBIT* %"012.0")
  call void @__quantum__qis__zzmax__body(%QUBIT* %"012.0", %QUBIT* %"0.0")
  call void @__quantum__qis__phasedx__body(double 0x3FF921FB54442D18, double 0x400921FB54442D18, %QUBIT* %"0.0")
  call void @__quantum__qis__rz__body(double 0xBFF921FB54442D18, %QUBIT* %"0.0")
  call void @__quantum__qis__rz__body(double 0xBFF921FB54442D18, %QUBIT* %"012.0")
  %19 = call %RESULT* @__quantum__qis__m__body(%QUBIT* %"012.0")
  %20 = call i1 @__quantum__qis__read_result__body(%RESULT* %19)
  %21 = select i1 %20, i1 true, i1 false
  %22 = select i1 %21, i1 true, i1 false
  %cond59 = icmp eq i1 %22, true
  br i1 %cond59, label %23, label %6

23:                                               ; preds = %cond_exit_38
  call void @__quantum__qis__phasedx__body(double 0x400921FB54442D18, double 0.000000e+00, %QUBIT* %"0.0")
  br label %6
}

declare %QUBIT* @__quantum__rt__qubit_allocate()

declare i32 @printf(i8*, ...)

declare void @abort()

declare void @__quantum__qis__phasedx__body(double, double, %QUBIT*)

declare void @__quantum__qis__rz__body(double, %QUBIT*)

declare void @__quantum__qis__zzmax__body(%QUBIT*, %QUBIT*)

declare %RESULT* @__quantum__qis__m__body(%QUBIT*)

declare i1 @__quantum__qis__read_result__body(%RESULT*)

declare void @__quantum__rt__bool_record_output(i1, i8*)
