---
source: tests/guppy.rs
expression: compile(&mut hugr)
---
; ModuleID = 'hugr-qir'
source_filename = "hugr-qir"

%RESULT = type opaque
%QUBIT = type opaque

@0 = private unnamed_addr constant [2 x i8] c"1\00", align 1
@1 = private unnamed_addr constant [2 x i8] c"0\00", align 1

define void @__hugr__.main.1() #0 {
alloca_block:
  br label %0

0:                                                ; preds = %cond_exit_177._crit_edge, %alloca_block
  %"19_0.0.reg2mem240.0.reg2mem244.0" = phi i64 [ 0, %alloca_block ], [ %9, %cond_exit_177._crit_edge ]
  %1 = icmp slt i64 %"19_0.0.reg2mem240.0.reg2mem244.0", 10
  br i1 %1, label %cond_exit_177, label %2

cond_exit_177._crit_edge:                         ; preds = %cond_exit_177, %10
  br label %0

2:                                                ; preds = %0
  %3 = call %RESULT* @__quantum__qis__mz__body(%QUBIT* null)
  %4 = call i1 @__quantum__qis__read_result__body(%RESULT* %3)
  %5 = call %RESULT* @__quantum__qis__mz__body(%QUBIT* inttoptr (i64 2 to %QUBIT*))
  %6 = call i1 @__quantum__qis__read_result__body(%RESULT* %5)
  call void @__quantum__rt__bool_record_output(i1 %4, i8* getelementptr inbounds ([2 x i8], [2 x i8]* @0, i32 0, i32 0))
  call void @__quantum__rt__bool_record_output(i1 %6, i8* getelementptr inbounds ([2 x i8], [2 x i8]* @1, i32 0, i32 0))
  ret void

cond_exit_177:                                    ; preds = %0
  call void @__quantum__qis__phasedx__body(double 0x3FF921FB54442D18, double 0xBFF921FB54442D18, %QUBIT* inttoptr (i64 1 to %QUBIT*))
  call void @__quantum__qis__rz__body(double 0x400921FB54442D18, %QUBIT* inttoptr (i64 1 to %QUBIT*))
  %7 = call %RESULT* @__quantum__qis__mz__body(%QUBIT* inttoptr (i64 1 to %QUBIT*))
  %8 = call i1 @__quantum__qis__read_result__body(%RESULT* %7)
  %9 = add i64 %"19_0.0.reg2mem240.0.reg2mem244.0", 1
  br i1 %8, label %10, label %cond_exit_177._crit_edge

10:                                               ; preds = %cond_exit_177
  call void @__quantum__qis__phasedx__body(double 0x3FF921FB54442D18, double 0xBFF921FB54442D18, %QUBIT* inttoptr (i64 2 to %QUBIT*))
  call void @__quantum__qis__rz__body(double 0x400921FB54442D18, %QUBIT* inttoptr (i64 2 to %QUBIT*))
  br label %cond_exit_177._crit_edge
}

declare %RESULT* @__quantum__qis__mz__body(%QUBIT*)

declare i1 @__quantum__qis__read_result__body(%RESULT*)

declare void @__quantum__rt__bool_record_output(i1, i8*)

declare void @__quantum__qis__phasedx__body(double, double, %QUBIT*)

declare void @__quantum__qis__rz__body(double, %QUBIT*)

attributes #0 = { "entry_point" "output_labeling_schema" "qir_profiles"="custom" "required_num_qubits"="3" "required_num_results"="3" }

!llvm.module.flags = !{!0, !1, !2, !3}

!0 = !{i32 1, !"qir_major_version", i32 1}
!1 = !{i32 7, !"qir_minor_version", i32 0}
!2 = !{i32 1, !"dynamic_qubit_management", i1 false}
!3 = !{i32 1, !"dynamic_result_management", i1 false}
