---
source: tests/guppy.rs
expression: compile(&mut hugr)
---
; ModuleID = 'hugr-qir'
source_filename = "hugr-qir"

%QUBIT = type opaque
%RESULT = type opaque

@0 = private unnamed_addr constant [37 x i8] c"Expected variant 1 but got variant 0\00", align 1
@1 = private unnamed_addr constant [37 x i8] c"Expected variant 1 but got variant 0\00", align 1
@2 = privai1 @__quantum__qis__read_result__body(%RESULT* %0)
  call void @__quantum__qis__phasedx__body(double 0x3FF921FB54442D18, double 0xBFF921FB54442D18, %QUBIT* inttoptr (i64 1 to %QUBIT*))
  call void @_ond_exit_119

cond_119_case_0:                                  ; preds = %alloca_block
  %0 = call i32 (i8*, ...) @printf(i8* getelementptr inbounds ([34 x i8], [34 x i8]* @prelude.panic_template, i32 0, i32 0), i32 1, i8* getelementptr inbounds ([37 x i8], [37 x i8]* @0, i32 0, i32 0))
  call void @abort()
  br label %cond_exit_119

cond_exit_119:                                    ; preds = %cond_119_case_0, %cond_119_case_1
  call void @__quantum__qis__phasedx__body(double 0x3FF921FB54442D18, double 0xBFF921FB54442D18, %QUBIT* null)
  call void @__quantum__qis__rz__body(double 0x400921FB54442D18, %QUBIT* null)
  %1 = call %RESULT* @__quantum__qis__m__body(%QUBIT* null)
  %2 = call i1 @__quantum__qis__read_result__body(%RESULT* %1)
  br i1 true, label %cond_132_case_1, label %cond_132_case_0

cond_132_case_1:                                  ; preds = %cond_exit_119
  br label %cond_exit_132

cond_132_case_0:                                  ; preds = %cond_exit_119
  %3 = call i32 (i8*, ...) @printf(i8* getelementptr inbounds ([34 x i8], [34 x i8]* @prelude.panic_template.1, i32 0, i32 0), i32 1, i8* getelementptr inbounds ([37 x i8], [37 x i8]* @1, i32 0, i32 0))
  call void @abort()
  br label %cond_exit_132

cond_exit_132:                                    ; preds = %cond_132_case_0, %cond_132_case_1
  %"028.0.reg2mem.0" = phi %QUBIT* [ inttoptr (i64 1 to %QUBIT*), %cond_132_case_1 ], [ null, %cond_132_case_0 ]
  call void @__quantum__qis__phasedx__body(double 0x3FF921FB54442D18, double 0xBFF921FB54442D18, %QUBIT* %"028.0.reg2mem.0")
  call void @__quantum__qis__rz__body(double 0x400921FB54442D18, %QUBIT* %"028.0.reg2mem.0")
  %4 = call %RESULT* @__quantum__qis__m__body(%QUBIT* %"028.0.reg2mem.0")
  %5 = call i1 @__quantum__qis__read_result__body(%RESULT* %4)
  call BIT* @__quantum__rt__qubit_allocate()

declare void @abort()

declare void @__quantum__qis__phasedx__body(double, double, %QUBIT*)

declare void @__quantum__qis__rz__body(double, %QUBIT*)

declare %RESULT* @__quantum__qis__m__body(%QUBIT*)

declare i1 @__quantum__qis__read_result__body(%RESULT*)

declare void @__quantum__rt__bool_record_output(i1, i8*)

attributes #0 = { "entry_point" "output_labeling_schema" "qir_profiles"="custom" "required_num_qubits"="20" "required_num_results"="20" }

!llvm.module.flags = !{!0, !1, !2, !3}

!0 = !{i32 1, !"qir_major_version", i32 1}
!1 = !{i32 7, !"qir_minor_version", i32 0}
!2 = !{i32 1, !"dynamic_qubit_management", i1 false}
!3 = !{i32 1, !"dynamic_result_management", i1 false}
