---
source: tests/guppy.rs
expression: compile(&mut hugr)
---
; ModuleID = 'hugr-qir'
source_filename = "hugr-qir"

%QUBIT = type opaque
%RESULT = type opaque

@0 = private unnamed_addr constant [47 x i8] c"tket2.rotation.from_halfturns_unchecked failed\00", align 1
@prelude.panic_template = private unnamed_addr constant [34 x i8] c"Program panicked (signal %i): %s\0A\00", align 1
@1 = private unnamed_addr constant [37 x i8] c"Expected variant 1 but got variant 0\00", align 1
@prelude.panic_template.1 = private unnamed_addr constant [34 x i8] c"Program panicked (signal %i): %s\0A\00", align 1
@2 = private unnamed_addr constant [2 x i8] c"1\00", align 1

define %QUBIT* @__hugr__.rx.1(%QUBIT* %0, double %1) {
alloca_block:
  call void @__quantum__qis__phasedx__body(double 0x3FF921FB54442D18, double 0xBFF921FB54442D18, %QUBIT* %0)
  call void @__quantum__qis__rz__body(double 0x400921FB54442D18, %QUBIT* %0)
  %2 = fcmp oeq double %1, 0x7FF0000000000000
  %3 = fcmp oeq double %1, 0xFFF0000000000000
  %4 = fcmp uno double %1, 0.000000e+00
  %5 = or i1 %2, %3
  %6 = or i1 %5, %4
  %7 = xor i1 %6, true
  br i1 %7, label %10, label %8

8:                                                ; preds = %alloca_block
  %9 = call i32 (i8*, ...) @printf(i8* getelementptr inbounds ([34 x i8], [34 x i8]* @prelude.panic_template, i32 0, i32 0), i32 1, i8* getelementptr inbounds ([47 x i8], [47 x i8]* @0, i32 0, i32 0))
  call void @abort()
  unreachable

10:                                               ; preds = %alloca_block
  %11 = fmul double %1, 0x400921FB54442D18
  call void @__quantum__qis__rz__body(double %11, %QUBIT* %0)
  call void @__quantum__qis__phasedx__body(double 0x3FF921FB54442D18, double 0xBFF921FB54442D18, %QUBIT* %0)
  call void @__quantum__qis__rz__body(double 0x400921FB54442D18, %QUBIT* %0)
  ret %QUBIT* %0
}

declare void @__quantum__qis__phasedx__body(double, double, %QUBIT*)

declare void @__quantum__qis__rz__body(double, %QUBIT*)

declare i32 @printf(i8*, ...)

declare void @abort()

define void @__hugr__.main.20() {
alloca_block:
  %0 = call %QUBIT* @__quantum__rt__qubit_allocate()
  %1 = insertvalue { i1, %QUBIT* } { i1 true, %QUBIT* poison }, %QUBIT* %0, 1
  %2 = extractvalue { i1, %QUBIT* } %1, 0
  %cond = icmp eq i1 %2, true
  br i1 %cond, label %cond_65_case_1, label %cond_65_case_0

cond_65_case_1:                                   ; preds = %alloca_block
  %3 = extractvalue { i1, %QUBIT* } %1, 1
  br label %cond_exit_65

cond_65_case_0:                                   ; preds = %alloca_block
  %4 = extractvalue { i32, i8* } { i32 1, i8* getelementptr inbounds ([37 x i8], [37 x i8]* @1, i32 0, i32 0) }, 0
  %5 = extractvalue { i32, i8* } { i32 1, i8* getelementptr inbounds ([37 x i8], [37 x i8]* @1, i32 0, i32 0) }, 1
  %6 = call i32 (i8*, ...) @printf(i8* getelementptr inbounds ([34 x i8], [34 x i8]* @prelude.panic_template.1, i32 0, i32 0), i32 %4, i8* %5)
  call void @abort()
  br label %cond_exit_65

cond_exit_65:                                     ; preds = %cond_65_case_1, %cond_65_case_0
  %"0.0" = phi %QUBIT* [ null, %cond_65_case_0 ], [ %3, %cond_65_case_1 ]
  %7 = call %QUBIT* @__hugr__.rx.1(%QUBIT* %"0.0", double 1.500000e+00)
  %8 = call %RESULT* @__quantum__qis__m__body(%QUBIT* %7)
  %9 = call i1 @__quantum__qis__read_result__body(%RESULT* %8)
  %10 = select i1 %9, i1 true, i1 false
  %11 = select i1 %10, i1 true, i1 false
  call void @__quantum__rt__bool_record_output(i1 %11, i8* getelementptr inbounds ([2 x i8], [2 x i8]* @2, i32 0, i32 0))
  ret void
}

declare %QUBIT* @__quantum__rt__qubit_allocate()

declare %RESULT* @__quantum__qis__m__body(%QUBIT*)

declare i1 @__quantum__qis__read_result__body(%RESULT*)

declare void @__quantum__rt__bool_record_output(i1, i8*)
